Fri Jun 19 15:21:50 2026       
+-----------------------------------------------------------------------------------------+
| NVIDIA-SMI 575.57.08              Driver Version: 575.57.08      CUDA Version: 12.9     |
|-----------------------------------------+------------------------+----------------------+
| GPU  Name                 Persistence-M | Bus-Id          Disp.A | Volatile Uncorr. ECC |
| Fan  Temp   Perf          Pwr:Usage/Cap |           Memory-Usage | GPU-Util  Compute M. |
|                                         |                        |               MIG M. |
|=========================================+========================+======================|
|   0  NVIDIA A100-PCIE-40GB          Off |   00000000:17:00.0 Off |                    0 |
| N/A   25C    P0             39W /  250W |     423MiB /  40960MiB |      0%      Default |
|                                         |                        |             Disabled |
+-----------------------------------------+------------------------+----------------------+
|   1  NVIDIA A100-PCIE-40GB          Off |   00000000:E3:00.0 Off |                    0 |
| N/A   23C    P0             31W /  250W |       4MiB /  40960MiB |      0%      Default |
|                                         |                        |             Disabled |
+-----------------------------------------+------------------------+----------------------+
                                                                                         
+-----------------------------------------------------------------------------------------+
| Processes:                                                                              |
|  GPU   GI   CI              PID   Type   Process name                        GPU Memory |
|        ID   ID                                                               Usage      |
|=========================================================================================|
|    0   N/A  N/A          125718      C   python                                  414MiB |
+-----------------------------------------------------------------------------------------+
CUDA available: True
Device count: 2
Device 0: NVIDIA A100-PCIE-40GB
Device 1: NVIDIA A100-PCIE-40GB
Device Name: cuda
Batch Size: 51720 | Seq Len: 22
Epoch 99 | Train Loss: 0.6931 | Test Loss: 0.6932 | Train Acc: 0.5108 | Test Acc: 0.5103
Epoch 199 | Train Loss: 0.6930 | Test Loss: 0.6931 | Train Acc: 0.5121 | Test Acc: 0.5118
Epoch 299 | Train Loss: 0.6929 | Test Loss: 0.6931 | Train Acc: 0.5157 | Test Acc: 0.5109
Epoch 399 | Train Loss: 0.6928 | Test Loss: 0.6929 | Train Acc: 0.5156 | Test Acc: 0.5104
Epoch 499 | Train Loss: 0.6924 | Test Loss: 0.6925 | Train Acc: 0.5166 | Test Acc: 0.5125
Epoch 599 | Train Loss: 0.6918 | Test Loss: 0.6920 | Train Acc: 0.5260 | Test Acc: 0.5227
Epoch 699 | Train Loss: 0.6909 | Test Loss: 0.6910 | Train Acc: 0.5380 | Test Acc: 0.5342
Epoch 799 | Train Loss: 0.6895 | Test Loss: 0.6896 | Train Acc: 0.5495 | Test Acc: 0.5461
Epoch 899 | Train Loss: 0.6877 | Test Loss: 0.6878 | Train Acc: 0.5578 | Test Acc: 0.5548
Epoch 999 | Train Loss: 0.6854 | Test Loss: 0.6855 | Train Acc: 0.5614 | Test Acc: 0.5598
Epoch 1099 | Train Loss: 0.6830 | Test Loss: 0.6830 | Train Acc: 0.5623 | Test Acc: 0.5607
Epoch 1199 | Train Loss: 0.6807 | Test Loss: 0.6807 | Train Acc: 0.5650 | Test Acc: 0.5637
Epoch 1299 | Train Loss: 0.6787 | Test Loss: 0.6789 | Train Acc: 0.5690 | Test Acc: 0.5665
Epoch 1399 | Train Loss: 0.6773 | Test Loss: 0.6779 | Train Acc: 0.5714 | Test Acc: 0.5694
Epoch 1499 | Train Loss: 0.6767 | Test Loss: 0.6775 | Train Acc: 0.5730 | Test Acc: 0.5688
Epoch 1599 | Train Loss: 0.6763 | Test Loss: 0.6774 | Train Acc: 0.5734 | Test Acc: 0.5696
Epoch 1699 | Train Loss: 0.6760 | Test Loss: 0.6773 | Train Acc: 0.5732 | Test Acc: 0.5700
Epoch 1799 | Train Loss: 0.6757 | Test Loss: 0.6772 | Train Acc: 0.5742 | Test Acc: 0.5708
Epoch 1899 | Train Loss: 0.6754 | Test Loss: 0.6771 | Train Acc: 0.5743 | Test Acc: 0.5707
Epoch 1999 | Train Loss: 0.6751 | Test Loss: 0.6769 | Train Acc: 0.5750 | Test Acc: 0.5714
Epoch 2099 | Train Loss: 0.6747 | Test Loss: 0.6767 | Train Acc: 0.5758 | Test Acc: 0.5716
Epoch 2199 | Train Loss: 0.6743 | Test Loss: 0.6764 | Train Acc: 0.5765 | Test Acc: 0.5722
Epoch 2299 | Train Loss: 0.6737 | Test Loss: 0.6761 | Train Acc: 0.5776 | Test Acc: 0.5735
Epoch 2399 | Train Loss: 0.6731 | Test Loss: 0.6756 | Train Acc: 0.5789 | Test Acc: 0.5739
Epoch 2499 | Train Loss: 0.6726 | Test Loss: 0.6752 | Train Acc: 0.5804 | Test Acc: 0.5750
Epoch 2599 | Train Loss: 0.6720 | Test Loss: 0.6748 | Train Acc: 0.5818 | Test Acc: 0.5755
Epoch 2699 | Train Loss: 0.6715 | Test Loss: 0.6745 | Train Acc: 0.5834 | Test Acc: 0.5765
Epoch 2799 | Train Loss: 0.6710 | Test Loss: 0.6742 | Train Acc: 0.5846 | Test Acc: 0.5771
Epoch 2899 | Train Loss: 0.6705 | Test Loss: 0.6739 | Train Acc: 0.5857 | Test Acc: 0.5779
Epoch 2999 | Train Loss: 0.6701 | Test Loss: 0.6736 | Train Acc: 0.5862 | Test Acc: 0.5790
Epoch 3099 | Train Loss: 0.6696 | Test Loss: 0.6734 | Train Acc: 0.5869 | Test Acc: 0.5795
Epoch 3199 | Train Loss: 0.6691 | Test Loss: 0.6731 | Train Acc: 0.5878 | Test Acc: 0.5800
Epoch 3299 | Train Loss: 0.6686 | Test Loss: 0.6728 | Train Acc: 0.5895 | Test Acc: 0.5807
Epoch 3399 | Train Loss: 0.6680 | Test Loss: 0.6726 | Train Acc: 0.5915 | Test Acc: 0.5821
Epoch 3499 | Train Loss: 0.6675 | Test Loss: 0.6724 | Train Acc: 0.5926 | Test Acc: 0.5823
Epoch 3599 | Train Loss: 0.6670 | Test Loss: 0.6722 | Train Acc: 0.5935 | Test Acc: 0.5833
Epoch 3699 | Train Loss: 0.6666 | Test Loss: 0.6720 | Train Acc: 0.5956 | Test Acc: 0.5846
Epoch 3799 | Train Loss: 0.6661 | Test Loss: 0.6717 | Train Acc: 0.5958 | Test Acc: 0.5859
Epoch 3899 | Train Loss: 0.6656 | Test Loss: 0.6714 | Train Acc: 0.5963 | Test Acc: 0.5869
Epoch 3999 | Train Loss: 0.6650 | Test Loss: 0.6710 | Train Acc: 0.5966 | Test Acc: 0.5877
Epoch 4099 | Train Loss: 0.6643 | Test Loss: 0.6706 | Train Acc: 0.5987 | Test Acc: 0.5886
Epoch 4199 | Train Loss: 0.6634 | Test Loss: 0.6700 | Train Acc: 0.6000 | Test Acc: 0.5897
Epoch 4299 | Train Loss: 0.6624 | Test Loss: 0.6692 | Train Acc: 0.6013 | Test Acc: 0.5917
Epoch 4399 | Train Loss: 0.6611 | Test Loss: 0.6681 | Train Acc: 0.6038 | Test Acc: 0.5939
Epoch 4499 | Train Loss: 0.6594 | Test Loss: 0.6666 | Train Acc: 0.6067 | Test Acc: 0.5968
Epoch 4599 | Train Loss: 0.6574 | Test Loss: 0.6648 | Train Acc: 0.6099 | Test Acc: 0.6005
Epoch 4699 | Train Loss: 0.6552 | Test Loss: 0.6626 | Train Acc: 0.6146 | Test Acc: 0.6044
Epoch 4799 | Train Loss: 0.6529 | Test Loss: 0.6604 | Train Acc: 0.6180 | Test Acc: 0.6083
Epoch 4899 | Train Loss: 0.6509 | Test Loss: 0.6585 | Train Acc: 0.6201 | Test Acc: 0.6118
Epoch 4999 | Train Loss: 0.6492 | Test Loss: 0.6569 | Train Acc: 0.6214 | Test Acc: 0.6138
Epoch 5099 | Train Loss: 0.6478 | Test Loss: 0.6557 | Train Acc: 0.6227 | Test Acc: 0.6156
Epoch 5199 | Train Loss: 0.6465 | Test Loss: 0.6546 | Train Acc: 0.6247 | Test Acc: 0.6172
Epoch 5299 | Train Loss: 0.6454 | Test Loss: 0.6537 | Train Acc: 0.6267 | Test Acc: 0.6181
Epoch 5399 | Train Loss: 0.6444 | Test Loss: 0.6528 | Train Acc: 0.6282 | Test Acc: 0.6202
Epoch 5499 | Train Loss: 0.6433 | Test Loss: 0.6520 | Train Acc: 0.6298 | Test Acc: 0.6209
Epoch 5599 | Train Loss: 0.6423 | Test Loss: 0.6512 | Train Acc: 0.6309 | Test Acc: 0.6217
Epoch 5699 | Train Loss: 0.6412 | Test Loss: 0.6503 | Train Acc: 0.6316 | Test Acc: 0.6233
Epoch 5799 | Train Loss: 0.6401 | Test Loss: 0.6494 | Train Acc: 0.6330 | Test Acc: 0.6245
Epoch 5899 | Train Loss: 0.6389 | Test Loss: 0.6484 | Train Acc: 0.6348 | Test Acc: 0.6257
Epoch 5999 | Train Loss: 0.6376 | Test Loss: 0.6473 | Train Acc: 0.6359 | Test Acc: 0.6271
Epoch 6099 | Train Loss: 0.6360 | Test Loss: 0.6459 | Train Acc: 0.6375 | Test Acc: 0.6280
Epoch 6199 | Train Loss: 0.6342 | Test Loss: 0.6443 | Train Acc: 0.6407 | Test Acc: 0.6302
Epoch 6299 | Train Loss: 0.6322 | Test Loss: 0.6425 | Train Acc: 0.6436 | Test Acc: 0.6320
Epoch 6399 | Train Loss: 0.6300 | Test Loss: 0.6406 | Train Acc: 0.6462 | Test Acc: 0.6335
Epoch 6499 | Train Loss: 0.6280 | Test Loss: 0.6388 | Train Acc: 0.6490 | Test Acc: 0.6357
Epoch 6599 | Train Loss: 0.6261 | Test Loss: 0.6373 | Train Acc: 0.6514 | Test Acc: 0.6379
Epoch 6699 | Train Loss: 0.6244 | Test Loss: 0.6360 | Train Acc: 0.6526 | Test Acc: 0.6403
Epoch 6799 | Train Loss: 0.6229 | Test Loss: 0.6347 | Train Acc: 0.6538 | Test Acc: 0.6415
Epoch 6899 | Train Loss: 0.6214 | Test Loss: 0.6336 | Train Acc: 0.6553 | Test Acc: 0.6420
Epoch 6999 | Train Loss: 0.6200 | Test Loss: 0.6326 | Train Acc: 0.6570 | Test Acc: 0.6426
Epoch 7099 | Train Loss: 0.6187 | Test Loss: 0.6316 | Train Acc: 0.6582 | Test Acc: 0.6437
Epoch 7199 | Train Loss: 0.6175 | Test Loss: 0.6307 | Train Acc: 0.6596 | Test Acc: 0.6453
Epoch 7299 | Train Loss: 0.6164 | Test Loss: 0.6298 | Train Acc: 0.6603 | Test Acc: 0.6461
Epoch 7399 | Train Loss: 0.6152 | Test Loss: 0.6289 | Train Acc: 0.6619 | Test Acc: 0.6473
Epoch 7499 | Train Loss: 0.6142 | Test Loss: 0.6281 | Train Acc: 0.6630 | Test Acc: 0.6478
Epoch 7599 | Train Loss: 0.6132 | Test Loss: 0.6273 | Train Acc: 0.6634 | Test Acc: 0.6484
Epoch 7699 | Train Loss: 0.6122 | Test Loss: 0.6265 | Train Acc: 0.6643 | Test Acc: 0.6494
Epoch 7799 | Train Loss: 0.6113 | Test Loss: 0.6258 | Train Acc: 0.6651 | Test Acc: 0.6502
Epoch 7899 | Train Loss: 0.6104 | Test Loss: 0.6251 | Train Acc: 0.6653 | Test Acc: 0.6513
Epoch 7999 | Train Loss: 0.6095 | Test Loss: 0.6244 | Train Acc: 0.6652 | Test Acc: 0.6517
Epoch 8099 | Train Loss: 0.6087 | Test Loss: 0.6237 | Train Acc: 0.6657 | Test Acc: 0.6521
Epoch 8199 | Train Loss: 0.6079 | Test Loss: 0.6231 | Train Acc: 0.6658 | Test Acc: 0.6525
Epoch 8299 | Train Loss: 0.6071 | Test Loss: 0.6225 | Train Acc: 0.6666 | Test Acc: 0.6534
Epoch 8399 | Train Loss: 0.6063 | Test Loss: 0.6219 | Train Acc: 0.6674 | Test Acc: 0.6535
Epoch 8499 | Train Loss: 0.6056 | Test Loss: 0.6214 | Train Acc: 0.6678 | Test Acc: 0.6539
Epoch 8599 | Train Loss: 0.6049 | Test Loss: 0.6209 | Train Acc: 0.6686 | Test Acc: 0.6541
Epoch 8699 | Train Loss: 0.6043 | Test Loss: 0.6203 | Train Acc: 0.6690 | Test Acc: 0.6550
Epoch 8799 | Train Loss: 0.6036 | Test Loss: 0.6198 | Train Acc: 0.6690 | Test Acc: 0.6553
Epoch 8899 | Train Loss: 0.6030 | Test Loss: 0.6193 | Train Acc: 0.6691 | Test Acc: 0.6552
Epoch 8999 | Train Loss: 0.6023 | Test Loss: 0.6187 | Train Acc: 0.6696 | Test Acc: 0.6556
Epoch 9099 | Train Loss: 0.6017 | Test Loss: 0.6182 | Train Acc: 0.6696 | Test Acc: 0.6557
Epoch 9199 | Train Loss: 0.6010 | Test Loss: 0.6177 | Train Acc: 0.6703 | Test Acc: 0.6563
Epoch 9299 | Train Loss: 0.6004 | Test Loss: 0.6172 | Train Acc: 0.6709 | Test Acc: 0.6564
Epoch 9399 | Train Loss: 0.5998 | Test Loss: 0.6168 | Train Acc: 0.6718 | Test Acc: 0.6563
Epoch 9499 | Train Loss: 0.5992 | Test Loss: 0.6163 | Train Acc: 0.6721 | Test Acc: 0.6563
Epoch 9599 | Train Loss: 0.5987 | Test Loss: 0.6159 | Train Acc: 0.6728 | Test Acc: 0.6566
Epoch 9699 | Train Loss: 0.5982 | Test Loss: 0.6156 | Train Acc: 0.6732 | Test Acc: 0.6570
Epoch 9799 | Train Loss: 0.5976 | Test Loss: 0.6152 | Train Acc: 0.6735 | Test Acc: 0.6570
Epoch 9899 | Train Loss: 0.5971 | Test Loss: 0.6148 | Train Acc: 0.6745 | Test Acc: 0.6573
Epoch 9999 | Train Loss: 0.5966 | Test Loss: 0.6144 | Train Acc: 0.6753 | Test Acc: 0.6577
Epoch 10099 | Train Loss: 0.5960 | Test Loss: 0.6140 | Train Acc: 0.6757 | Test Acc: 0.6583
Epoch 10199 | Train Loss: 0.5955 | Test Loss: 0.6136 | Train Acc: 0.6758 | Test Acc: 0.6587
Epoch 10299 | Train Loss: 0.5950 | Test Loss: 0.6132 | Train Acc: 0.6763 | Test Acc: 0.6592
Epoch 10399 | Train Loss: 0.5945 | Test Loss: 0.6129 | Train Acc: 0.6765 | Test Acc: 0.6595
Epoch 10499 | Train Loss: 0.5940 | Test Loss: 0.6126 | Train Acc: 0.6768 | Test Acc: 0.6596
Epoch 10599 | Train Loss: 0.5935 | Test Loss: 0.6122 | Train Acc: 0.6771 | Test Acc: 0.6599
Epoch 10699 | Train Loss: 0.5931 | Test Loss: 0.6119 | Train Acc: 0.6776 | Test Acc: 0.6600
Epoch 10799 | Train Loss: 0.5926 | Test Loss: 0.6116 | Train Acc: 0.6781 | Test Acc: 0.6601
Epoch 10899 | Train Loss: 0.5922 | Test Loss: 0.6114 | Train Acc: 0.6780 | Test Acc: 0.6603
Epoch 10999 | Train Loss: 0.5918 | Test Loss: 0.6111 | Train Acc: 0.6784 | Test Acc: 0.6608
Epoch 11099 | Train Loss: 0.5914 | Test Loss: 0.6108 | Train Acc: 0.6789 | Test Acc: 0.6611
Epoch 11199 | Train Loss: 0.5910 | Test Loss: 0.6106 | Train Acc: 0.6795 | Test Acc: 0.6613
Epoch 11299 | Train Loss: 0.5907 | Test Loss: 0.6103 | Train Acc: 0.6795 | Test Acc: 0.6615
Epoch 11399 | Train Loss: 0.5903 | Test Loss: 0.6101 | Train Acc: 0.6795 | Test Acc: 0.6616
Epoch 11499 | Train Loss: 0.5900 | Test Loss: 0.6099 | Train Acc: 0.6797 | Test Acc: 0.6617
Epoch 11599 | Train Loss: 0.5896 | Test Loss: 0.6097 | Train Acc: 0.6801 | Test Acc: 0.6622
Epoch 11699 | Train Loss: 0.5893 | Test Loss: 0.6095 | Train Acc: 0.6803 | Test Acc: 0.6621
Epoch 11799 | Train Loss: 0.5889 | Test Loss: 0.6093 | Train Acc: 0.6799 | Test Acc: 0.6623
Epoch 11899 | Train Loss: 0.5886 | Test Loss: 0.6091 | Train Acc: 0.6801 | Test Acc: 0.6625
Epoch 11999 | Train Loss: 0.5883 | Test Loss: 0.6089 | Train Acc: 0.6799 | Test Acc: 0.6627
Epoch 12099 | Train Loss: 0.5880 | Test Loss: 0.6087 | Train Acc: 0.6807 | Test Acc: 0.6625
Epoch 12199 | Train Loss: 0.5877 | Test Loss: 0.6086 | Train Acc: 0.6808 | Test Acc: 0.6628
Epoch 12299 | Train Loss: 0.5875 | Test Loss: 0.6084 | Train Acc: 0.6812 | Test Acc: 0.6631
Epoch 12399 | Train Loss: 0.5872 | Test Loss: 0.6082 | Train Acc: 0.6814 | Test Acc: 0.6635
Epoch 12499 | Train Loss: 0.5869 | Test Loss: 0.6080 | Train Acc: 0.6817 | Test Acc: 0.6631
Epoch 12599 | Train Loss: 0.5866 | Test Loss: 0.6077 | Train Acc: 0.6821 | Test Acc: 0.6640
Epoch 12699 | Train Loss: 0.5863 | Test Loss: 0.6076 | Train Acc: 0.6826 | Test Acc: 0.6644
Epoch 12799 | Train Loss: 0.5860 | Test Loss: 0.6074 | Train Acc: 0.6829 | Test Acc: 0.6645
Epoch 12899 | Train Loss: 0.5857 | Test Loss: 0.6071 | Train Acc: 0.6834 | Test Acc: 0.6647
Epoch 12999 | Train Loss: 0.5854 | Test Loss: 0.6069 | Train Acc: 0.6839 | Test Acc: 0.6646
Epoch 13099 | Train Loss: 0.5851 | Test Loss: 0.6067 | Train Acc: 0.6843 | Test Acc: 0.6649
Epoch 13199 | Train Loss: 0.5848 | Test Loss: 0.6065 | Train Acc: 0.6849 | Test Acc: 0.6654
Epoch 13299 | Train Loss: 0.5844 | Test Loss: 0.6063 | Train Acc: 0.6854 | Test Acc: 0.6656
Epoch 13399 | Train Loss: 0.5842 | Test Loss: 0.6061 | Train Acc: 0.6860 | Test Acc: 0.6655
Epoch 13499 | Train Loss: 0.5839 | Test Loss: 0.6059 | Train Acc: 0.6861 | Test Acc: 0.6660
Epoch 13599 | Train Loss: 0.5836 | Test Loss: 0.6057 | Train Acc: 0.6870 | Test Acc: 0.6663
Epoch 13699 | Train Loss: 0.5833 | Test Loss: 0.6054 | Train Acc: 0.6877 | Test Acc: 0.6665
Epoch 13799 | Train Loss: 0.5830 | Test Loss: 0.6052 | Train Acc: 0.6875 | Test Acc: 0.6671
Epoch 13899 | Train Loss: 0.5826 | Test Loss: 0.6049 | Train Acc: 0.6876 | Test Acc: 0.6677
Epoch 13999 | Train Loss: 0.5823 | Test Loss: 0.6047 | Train Acc: 0.6881 | Test Acc: 0.6680
Epoch 14099 | Train Loss: 0.5820 | Test Loss: 0.6045 | Train Acc: 0.6888 | Test Acc: 0.6682
Epoch 14199 | Train Loss: 0.5816 | Test Loss: 0.6042 | Train Acc: 0.6887 | Test Acc: 0.6684
Epoch 14299 | Train Loss: 0.5813 | Test Loss: 0.6040 | Train Acc: 0.6888 | Test Acc: 0.6689
Epoch 14399 | Train Loss: 0.5809 | Test Loss: 0.6037 | Train Acc: 0.6890 | Test Acc: 0.6691
Epoch 14499 | Train Loss: 0.5806 | Test Loss: 0.6035 | Train Acc: 0.6892 | Test Acc: 0.6697
Epoch 14599 | Train Loss: 0.5803 | Test Loss: 0.6032 | Train Acc: 0.6896 | Test Acc: 0.6702
Epoch 14699 | Train Loss: 0.5799 | Test Loss: 0.6030 | Train Acc: 0.6897 | Test Acc: 0.6706
Epoch 14799 | Train Loss: 0.5796 | Test Loss: 0.6028 | Train Acc: 0.6902 | Test Acc: 0.6704
Epoch 14899 | Train Loss: 0.5792 | Test Loss: 0.6025 | Train Acc: 0.6903 | Test Acc: 0.6704
Epoch 14999 | Train Loss: 0.5789 | Test Loss: 0.6023 | Train Acc: 0.6904 | Test Acc: 0.6709
Epoch 15099 | Train Loss: 0.5786 | Test Loss: 0.6020 | Train Acc: 0.6901 | Test Acc: 0.6714
Epoch 15199 | Train Loss: 0.5782 | Test Loss: 0.6017 | Train Acc: 0.6910 | Test Acc: 0.6719
Epoch 15299 | Train Loss: 0.5779 | Test Loss: 0.6014 | Train Acc: 0.6918 | Test Acc: 0.6722
Epoch 15399 | Train Loss: 0.5775 | Test Loss: 0.6012 | Train Acc: 0.6916 | Test Acc: 0.6723
Epoch 15499 | Train Loss: 0.5772 | Test Loss: 0.6009 | Train Acc: 0.6918 | Test Acc: 0.6722
Epoch 15599 | Train Loss: 0.5769 | Test Loss: 0.6007 | Train Acc: 0.6921 | Test Acc: 0.6723
Epoch 15699 | Train Loss: 0.5766 | Test Loss: 0.6005 | Train Acc: 0.6923 | Test Acc: 0.6730
Epoch 15799 | Train Loss: 0.5763 | Test Loss: 0.6003 | Train Acc: 0.6923 | Test Acc: 0.6730
Epoch 15899 | Train Loss: 0.5760 | Test Loss: 0.6000 | Train Acc: 0.6930 | Test Acc: 0.6733
Epoch 15999 | Train Loss: 0.5757 | Test Loss: 0.5998 | Train Acc: 0.6931 | Test Acc: 0.6736
Epoch 16099 | Train Loss: 0.5754 | Test Loss: 0.5995 | Train Acc: 0.6934 | Test Acc: 0.6741
Epoch 16199 | Train Loss: 0.5750 | Test Loss: 0.5992 | Train Acc: 0.6933 | Test Acc: 0.6747
Epoch 16299 | Train Loss: 0.5747 | Test Loss: 0.5989 | Train Acc: 0.6941 | Test Acc: 0.6754
Epoch 16399 | Train Loss: 0.5744 | Test Loss: 0.5987 | Train Acc: 0.6943 | Test Acc: 0.6759
Epoch 16499 | Train Loss: 0.5741 | Test Loss: 0.5985 | Train Acc: 0.6940 | Test Acc: 0.6755
Epoch 16599 | Train Loss: 0.5738 | Test Loss: 0.5983 | Train Acc: 0.6948 | Test Acc: 0.6752
Epoch 16699 | Train Loss: 0.5735 | Test Loss: 0.5981 | Train Acc: 0.6954 | Test Acc: 0.6754
Epoch 16799 | Train Loss: 0.5732 | Test Loss: 0.5978 | Train Acc: 0.6959 | Test Acc: 0.6755
Epoch 16899 | Train Loss: 0.5729 | Test Loss: 0.5976 | Train Acc: 0.6962 | Test Acc: 0.6757
Epoch 16999 | Train Loss: 0.5726 | Test Loss: 0.5973 | Train Acc: 0.6966 | Test Acc: 0.6761
Epoch 17099 | Train Loss: 0.5723 | Test Loss: 0.5972 | Train Acc: 0.6968 | Test Acc: 0.6762
Epoch 17199 | Train Loss: 0.5720 | Test Loss: 0.5969 | Train Acc: 0.6969 | Test Acc: 0.6766
Epoch 17299 | Train Loss: 0.5717 | Test Loss: 0.5967 | Train Acc: 0.6972 | Test Acc: 0.6769
Epoch 17399 | Train Loss: 0.5714 | Test Loss: 0.5965 | Train Acc: 0.6976 | Test Acc: 0.6762
Epoch 17499 | Train Loss: 0.5711 | Test Loss: 0.5963 | Train Acc: 0.6981 | Test Acc: 0.6764
Epoch 17599 | Train Loss: 0.5708 | Test Loss: 0.5961 | Train Acc: 0.6986 | Test Acc: 0.6766
Epoch 17699 | Train Loss: 0.5705 | Test Loss: 0.5959 | Train Acc: 0.6992 | Test Acc: 0.6768
Epoch 17799 | Train Loss: 0.5701 | Test Loss: 0.5957 | Train Acc: 0.6993 | Test Acc: 0.6774
Epoch 17899 | Train Loss: 0.5698 | Test Loss: 0.5955 | Train Acc: 0.6995 | Test Acc: 0.6778
Epoch 17999 | Train Loss: 0.5695 | Test Loss: 0.5953 | Train Acc: 0.6998 | Test Acc: 0.6780
Epoch 18099 | Train Loss: 0.5692 | Test Loss: 0.5951 | Train Acc: 0.6996 | Test Acc: 0.6778
Epoch 18199 | Train Loss: 0.5689 | Test Loss: 0.5950 | Train Acc: 0.7000 | Test Acc: 0.6778
Epoch 18299 | Train Loss: 0.5686 | Test Loss: 0.5948 | Train Acc: 0.6998 | Test Acc: 0.6780
Epoch 18399 | Train Loss: 0.5684 | Test Loss: 0.5947 | Train Acc: 0.7002 | Test Acc: 0.6781
Epoch 18499 | Train Loss: 0.5681 | Test Loss: 0.5945 | Train Acc: 0.7002 | Test Acc: 0.6781
Epoch 18599 | Train Loss: 0.5678 | Test Loss: 0.5944 | Train Acc: 0.7005 | Test Acc: 0.6784
Epoch 18699 | Train Loss: 0.5676 | Test Loss: 0.5942 | Train Acc: 0.7006 | Test Acc: 0.6787
Epoch 18799 | Train Loss: 0.5673 | Test Loss: 0.5941 | Train Acc: 0.7009 | Test Acc: 0.6787
Epoch 18899 | Train Loss: 0.5670 | Test Loss: 0.5940 | Train Acc: 0.7008 | Test Acc: 0.6788
Epoch 18999 | Train Loss: 0.5668 | Test Loss: 0.5939 | Train Acc: 0.7010 | Test Acc: 0.6787
Epoch 19099 | Train Loss: 0.5665 | Test Loss: 0.5937 | Train Acc: 0.7012 | Test Acc: 0.6788
Epoch 19199 | Train Loss: 0.5662 | Test Loss: 0.5936 | Train Acc: 0.7013 | Test Acc: 0.6788
Epoch 19299 | Train Loss: 0.5660 | Test Loss: 0.5934 | Train Acc: 0.7015 | Test Acc: 0.6789
Epoch 19399 | Train Loss: 0.5657 | Test Loss: 0.5933 | Train Acc: 0.7014 | Test Acc: 0.6793
Epoch 19499 | Train Loss: 0.5655 | Test Loss: 0.5932 | Train Acc: 0.7019 | Test Acc: 0.6797
Epoch 19599 | Train Loss: 0.5652 | Test Loss: 0.5930 | Train Acc: 0.7021 | Test Acc: 0.6799
Epoch 19699 | Train Loss: 0.5649 | Test Loss: 0.5928 | Train Acc: 0.7022 | Test Acc: 0.6800
Epoch 19799 | Train Loss: 0.5647 | Test Loss: 0.5926 | Train Acc: 0.7021 | Test Acc: 0.6796
Epoch 19899 | Train Loss: 0.5644 | Test Loss: 0.5925 | Train Acc: 0.7023 | Test Acc: 0.6794
Epoch 19999 | Train Loss: 0.5642 | Test Loss: 0.5923 | Train Acc: 0.7028 | Test Acc: 0.6796
Epoch 20099 | Train Loss: 0.5639 | Test Loss: 0.5922 | Train Acc: 0.7030 | Test Acc: 0.6797
Epoch 20199 | Train Loss: 0.5636 | Test Loss: 0.5920 | Train Acc: 0.7033 | Test Acc: 0.6802
Epoch 20299 | Train Loss: 0.5633 | Test Loss: 0.5919 | Train Acc: 0.7033 | Test Acc: 0.6806
Epoch 20399 | Train Loss: 0.5631 | Test Loss: 0.5917 | Train Acc: 0.7032 | Test Acc: 0.6812
Epoch 20499 | Train Loss: 0.5628 | Test Loss: 0.5916 | Train Acc: 0.7034 | Test Acc: 0.6811
Epoch 20599 | Train Loss: 0.5626 | Test Loss: 0.5914 | Train Acc: 0.7035 | Test Acc: 0.6812
Epoch 20699 | Train Loss: 0.5623 | Test Loss: 0.5913 | Train Acc: 0.7035 | Test Acc: 0.6809
Epoch 20799 | Train Loss: 0.5620 | Test Loss: 0.5911 | Train Acc: 0.7039 | Test Acc: 0.6808
Epoch 20899 | Train Loss: 0.5617 | Test Loss: 0.5909 | Train Acc: 0.7042 | Test Acc: 0.6810
Epoch 20999 | Train Loss: 0.5614 | Test Loss: 0.5907 | Train Acc: 0.7046 | Test Acc: 0.6814
Epoch 21099 | Train Loss: 0.5612 | Test Loss: 0.5906 | Train Acc: 0.7046 | Test Acc: 0.6817
Epoch 21199 | Train Loss: 0.5609 | Test Loss: 0.5903 | Train Acc: 0.7049 | Test Acc: 0.6817
Epoch 21299 | Train Loss: 0.5606 | Test Loss: 0.5901 | Train Acc: 0.7052 | Test Acc: 0.6820
Epoch 21399 | Train Loss: 0.5603 | Test Loss: 0.5899 | Train Acc: 0.7050 | Test Acc: 0.6822
Epoch 21499 | Train Loss: 0.5600 | Test Loss: 0.5897 | Train Acc: 0.7049 | Test Acc: 0.6822
Epoch 21599 | Train Loss: 0.5597 | Test Loss: 0.5895 | Train Acc: 0.7049 | Test Acc: 0.6821
Epoch 21699 | Train Loss: 0.5594 | Test Loss: 0.5894 | Train Acc: 0.7051 | Test Acc: 0.6823
Epoch 21799 | Train Loss: 0.5591 | Test Loss: 0.5892 | Train Acc: 0.7060 | Test Acc: 0.6823
Epoch 21899 | Train Loss: 0.5588 | Test Loss: 0.5890 | Train Acc: 0.7065 | Test Acc: 0.6820
Epoch 21999 | Train Loss: 0.5585 | Test Loss: 0.5888 | Train Acc: 0.7068 | Test Acc: 0.6819
Epoch 22099 | Train Loss: 0.5582 | Test Loss: 0.5887 | Train Acc: 0.7071 | Test Acc: 0.6821
Epoch 22199 | Train Loss: 0.5579 | Test Loss: 0.5885 | Train Acc: 0.7072 | Test Acc: 0.6825
Epoch 22299 | Train Loss: 0.5576 | Test Loss: 0.5884 | Train Acc: 0.7070 | Test Acc: 0.6832
Epoch 22399 | Train Loss: 0.5574 | Test Loss: 0.5882 | Train Acc: 0.7074 | Test Acc: 0.6835
Epoch 22499 | Train Loss: 0.5571 | Test Loss: 0.5880 | Train Acc: 0.7070 | Test Acc: 0.6837
Epoch 22599 | Train Loss: 0.5568 | Test Loss: 0.5878 | Train Acc: 0.7070 | Test Acc: 0.6841
Epoch 22699 | Train Loss: 0.5565 | Test Loss: 0.5877 | Train Acc: 0.7079 | Test Acc: 0.6836
Epoch 22799 | Train Loss: 0.5562 | Test Loss: 0.5875 | Train Acc: 0.7085 | Test Acc: 0.6832
Epoch 22899 | Train Loss: 0.5559 | Test Loss: 0.5874 | Train Acc: 0.7090 | Test Acc: 0.6831
Epoch 22999 | Train Loss: 0.5556 | Test Loss: 0.5872 | Train Acc: 0.7093 | Test Acc: 0.6835
Epoch 23099 | Train Loss: 0.5553 | Test Loss: 0.5870 | Train Acc: 0.7092 | Test Acc: 0.6840
Epoch 23199 | Train Loss: 0.5550 | Test Loss: 0.5869 | Train Acc: 0.7092 | Test Acc: 0.6844
Epoch 23299 | Train Loss: 0.5547 | Test Loss: 0.5867 | Train Acc: 0.7091 | Test Acc: 0.6848
Epoch 23399 | Train Loss: 0.5544 | Test Loss: 0.5865 | Train Acc: 0.7097 | Test Acc: 0.6850
Epoch 23499 | Train Loss: 0.5541 | Test Loss: 0.5864 | Train Acc: 0.7096 | Test Acc: 0.6851
Epoch 23599 | Train Loss: 0.5538 | Test Loss: 0.5862 | Train Acc: 0.7102 | Test Acc: 0.6857
Epoch 23699 | Train Loss: 0.5535 | Test Loss: 0.5861 | Train Acc: 0.7102 | Test Acc: 0.6857
Epoch 23799 | Train Loss: 0.5533 | Test Loss: 0.5859 | Train Acc: 0.7105 | Test Acc: 0.6860
Epoch 23899 | Train Loss: 0.5530 | Test Loss: 0.5858 | Train Acc: 0.7106 | Test Acc: 0.6860
Epoch 23999 | Train Loss: 0.5527 | Test Loss: 0.5856 | Train Acc: 0.7112 | Test Acc: 0.6859
Epoch 24099 | Train Loss: 0.5524 | Test Loss: 0.5855 | Train Acc: 0.7117 | Test Acc: 0.6864
Epoch 24199 | Train Loss: 0.5521 | Test Loss: 0.5853 | Train Acc: 0.7122 | Test Acc: 0.6867
Epoch 24299 | Train Loss: 0.5518 | Test Loss: 0.5851 | Train Acc: 0.7120 | Test Acc: 0.6872
Epoch 24399 | Train Loss: 0.5515 | Test Loss: 0.5849 | Train Acc: 0.7122 | Test Acc: 0.6875
Epoch 24499 | Train Loss: 0.5512 | Test Loss: 0.5847 | Train Acc: 0.7124 | Test Acc: 0.6878
Epoch 24599 | Train Loss: 0.5509 | Test Loss: 0.5845 | Train Acc: 0.7126 | Test Acc: 0.6880
Epoch 24699 | Train Loss: 0.5507 | Test Loss: 0.5844 | Train Acc: 0.7128 | Test Acc: 0.6884
Epoch 24799 | Train Loss: 0.5503 | Test Loss: 0.5842 | Train Acc: 0.7128 | Test Acc: 0.6886
Epoch 24899 | Train Loss: 0.5500 | Test Loss: 0.5841 | Train Acc: 0.7129 | Test Acc: 0.6884
Epoch 24999 | Train Loss: 0.5497 | Test Loss: 0.5839 | Train Acc: 0.7131 | Test Acc: 0.6883
