Fri Jun 19 22:40:45 2026       
+-----------------------------------------------------------------------------------------+
| NVIDIA-SMI 575.57.08              Driver Version: 575.57.08      CUDA Version: 12.9     |
|-----------------------------------------+------------------------+----------------------+
| GPU  Name                 Persistence-M | Bus-Id          Disp.A | Volatile Uncorr. ECC |
| Fan  Temp   Perf          Pwr:Usage/Cap |           Memory-Usage | GPU-Util  Compute M. |
|                                         |                        |               MIG M. |
|=========================================+========================+======================|
|   0  NVIDIA A100-PCIE-40GB          Off |   00000000:65:00.0 Off |                    0 |
| N/A   39C    P0             39W /  250W |     423MiB /  40960MiB |      0%      Default |
|                                         |                        |             Disabled |
+-----------------------------------------+------------------------+----------------------+
|   1  NVIDIA A100-PCIE-40GB          Off |   00000000:E3:00.0 Off |                    0 |
| N/A   40C    P0             34W /  250W |       4MiB /  40960MiB |      0%      Default |
|                                         |                        |             Disabled |
+-----------------------------------------+------------------------+----------------------+
                                                                                         
+-----------------------------------------------------------------------------------------+
| Processes:                                                                              |
|  GPU   GI   CI              PID   Type   Process name                        GPU Memory |
|        ID   ID                                                               Usage      |
|=========================================================================================|
|    0   N/A  N/A          363884      C   python                                  414MiB |
+-----------------------------------------------------------------------------------------+
CUDA available: True
Device count: 2
Device 0: NVIDIA A100-PCIE-40GB
Device 1: NVIDIA A100-PCIE-40GB
Device Name: cuda
Batch Size: 51720 | Seq Len: 22
Epoch 99 | Train Loss: 0.5494 | Test Loss: 0.5837 | Train Acc: 0.7138 | Test Acc: 0.6881
Epoch 199 | Train Loss: 0.5492 | Test Loss: 0.5836 | Train Acc: 0.7139 | Test Acc: 0.6881
Epoch 299 | Train Loss: 0.5489 | Test Loss: 0.5834 | Train Acc: 0.7142 | Test Acc: 0.6882
Epoch 399 | Train Loss: 0.5486 | Test Loss: 0.5832 | Train Acc: 0.7145 | Test Acc: 0.6885
Epoch 499 | Train Loss: 0.5483 | Test Loss: 0.5830 | Train Acc: 0.7152 | Test Acc: 0.6885
Epoch 599 | Train Loss: 0.5480 | Test Loss: 0.5829 | Train Acc: 0.7152 | Test Acc: 0.6893
Epoch 699 | Train Loss: 0.5478 | Test Loss: 0.5827 | Train Acc: 0.7153 | Test Acc: 0.6894
Epoch 799 | Train Loss: 0.5475 | Test Loss: 0.5825 | Train Acc: 0.7156 | Test Acc: 0.6894
Epoch 899 | Train Loss: 0.5472 | Test Loss: 0.5824 | Train Acc: 0.7158 | Test Acc: 0.6895
Epoch 999 | Train Loss: 0.5469 | Test Loss: 0.5822 | Train Acc: 0.7162 | Test Acc: 0.6899
Epoch 1099 | Train Loss: 0.5466 | Test Loss: 0.5820 | Train Acc: 0.7166 | Test Acc: 0.6899
Epoch 1199 | Train Loss: 0.5463 | Test Loss: 0.5818 | Train Acc: 0.7169 | Test Acc: 0.6895
Epoch 1299 | Train Loss: 0.5460 | Test Loss: 0.5816 | Train Acc: 0.7173 | Test Acc: 0.6898
Epoch 1399 | Train Loss: 0.5457 | Test Loss: 0.5815 | Train Acc: 0.7174 | Test Acc: 0.6898
Epoch 1499 | Train Loss: 0.5454 | Test Loss: 0.5813 | Train Acc: 0.7182 | Test Acc: 0.6901
Epoch 1599 | Train Loss: 0.5452 | Test Loss: 0.5811 | Train Acc: 0.7184 | Test Acc: 0.6906
Epoch 1699 | Train Loss: 0.5449 | Test Loss: 0.5809 | Train Acc: 0.7191 | Test Acc: 0.6905
Epoch 1799 | Train Loss: 0.5446 | Test Loss: 0.5807 | Train Acc: 0.7191 | Test Acc: 0.6913
Epoch 1899 | Train Loss: 0.5442 | Test Loss: 0.5806 | Train Acc: 0.7194 | Test Acc: 0.6911
Epoch 1999 | Train Loss: 0.5440 | Test Loss: 0.5805 | Train Acc: 0.7197 | Test Acc: 0.6913
Epoch 2099 | Train Loss: 0.5437 | Test Loss: 0.5804 | Train Acc: 0.7205 | Test Acc: 0.6908
Epoch 2199 | Train Loss: 0.5434 | Test Loss: 0.5803 | Train Acc: 0.7207 | Test Acc: 0.6907
Epoch 2299 | Train Loss: 0.5431 | Test Loss: 0.5801 | Train Acc: 0.7210 | Test Acc: 0.6912
Epoch 2399 | Train Loss: 0.5428 | Test Loss: 0.5800 | Train Acc: 0.7213 | Test Acc: 0.6911
Epoch 2499 | Train Loss: 0.5425 | Test Loss: 0.5798 | Train Acc: 0.7212 | Test Acc: 0.6914
Epoch 2599 | Train Loss: 0.5422 | Test Loss: 0.5797 | Train Acc: 0.7216 | Test Acc: 0.6915
Epoch 2699 | Train Loss: 0.5419 | Test Loss: 0.5795 | Train Acc: 0.7214 | Test Acc: 0.6921
Epoch 2799 | Train Loss: 0.5415 | Test Loss: 0.5793 | Train Acc: 0.7218 | Test Acc: 0.6926
Epoch 2899 | Train Loss: 0.5412 | Test Loss: 0.5792 | Train Acc: 0.7220 | Test Acc: 0.6928
Epoch 2999 | Train Loss: 0.5409 | Test Loss: 0.5790 | Train Acc: 0.7222 | Test Acc: 0.6929
Epoch 3099 | Train Loss: 0.5407 | Test Loss: 0.5789 | Train Acc: 0.7226 | Test Acc: 0.6928
Epoch 3199 | Train Loss: 0.5404 | Test Loss: 0.5788 | Train Acc: 0.7228 | Test Acc: 0.6927
Epoch 3299 | Train Loss: 0.5402 | Test Loss: 0.5787 | Train Acc: 0.7231 | Test Acc: 0.6927
Epoch 3399 | Train Loss: 0.5399 | Test Loss: 0.5785 | Train Acc: 0.7233 | Test Acc: 0.6933
Epoch 3499 | Train Loss: 0.5396 | Test Loss: 0.5784 | Train Acc: 0.7237 | Test Acc: 0.6936
Epoch 3599 | Train Loss: 0.5394 | Test Loss: 0.5783 | Train Acc: 0.7232 | Test Acc: 0.6940
Epoch 3699 | Train Loss: 0.5391 | Test Loss: 0.5782 | Train Acc: 0.7232 | Test Acc: 0.6941
Epoch 3799 | Train Loss: 0.5389 | Test Loss: 0.5780 | Train Acc: 0.7237 | Test Acc: 0.6941
Epoch 3899 | Train Loss: 0.5386 | Test Loss: 0.5779 | Train Acc: 0.7242 | Test Acc: 0.6939
Epoch 3999 | Train Loss: 0.5384 | Test Loss: 0.5778 | Train Acc: 0.7244 | Test Acc: 0.6938
Epoch 4099 | Train Loss: 0.5382 | Test Loss: 0.5777 | Train Acc: 0.7244 | Test Acc: 0.6938
Epoch 4199 | Train Loss: 0.5380 | Test Loss: 0.5776 | Train Acc: 0.7248 | Test Acc: 0.6935
Epoch 4299 | Train Loss: 0.5377 | Test Loss: 0.5775 | Train Acc: 0.7244 | Test Acc: 0.6937
Epoch 4399 | Train Loss: 0.5375 | Test Loss: 0.5774 | Train Acc: 0.7249 | Test Acc: 0.6940
Epoch 4499 | Train Loss: 0.5373 | Test Loss: 0.5773 | Train Acc: 0.7252 | Test Acc: 0.6941
Epoch 4599 | Train Loss: 0.5371 | Test Loss: 0.5771 | Train Acc: 0.7252 | Test Acc: 0.6942
Epoch 4699 | Train Loss: 0.5369 | Test Loss: 0.5770 | Train Acc: 0.7254 | Test Acc: 0.6945
Epoch 4799 | Train Loss: 0.5367 | Test Loss: 0.5769 | Train Acc: 0.7258 | Test Acc: 0.6946
Epoch 4899 | Train Loss: 0.5365 | Test Loss: 0.5768 | Train Acc: 0.7260 | Test Acc: 0.6947
Epoch 4999 | Train Loss: 0.5363 | Test Loss: 0.5767 | Train Acc: 0.7262 | Test Acc: 0.6939
Epoch 5099 | Train Loss: 0.5361 | Test Loss: 0.5767 | Train Acc: 0.7264 | Test Acc: 0.6939
Epoch 5199 | Train Loss: 0.5359 | Test Loss: 0.5766 | Train Acc: 0.7268 | Test Acc: 0.6939
Epoch 5299 | Train Loss: 0.5358 | Test Loss: 0.5765 | Train Acc: 0.7267 | Test Acc: 0.6944
Epoch 5399 | Train Loss: 0.5356 | Test Loss: 0.5764 | Train Acc: 0.7268 | Test Acc: 0.6943
Epoch 5499 | Train Loss: 0.5354 | Test Loss: 0.5763 | Train Acc: 0.7270 | Test Acc: 0.6946
Epoch 5599 | Train Loss: 0.5352 | Test Loss: 0.5762 | Train Acc: 0.7270 | Test Acc: 0.6950
Epoch 5699 | Train Loss: 0.5351 | Test Loss: 0.5761 | Train Acc: 0.7269 | Test Acc: 0.6950
Epoch 5799 | Train Loss: 0.5349 | Test Loss: 0.5760 | Train Acc: 0.7267 | Test Acc: 0.6950
Epoch 5899 | Train Loss: 0.5347 | Test Loss: 0.5760 | Train Acc: 0.7269 | Test Acc: 0.6952
Epoch 5999 | Train Loss: 0.5346 | Test Loss: 0.5759 | Train Acc: 0.7273 | Test Acc: 0.6950
Epoch 6099 | Train Loss: 0.5344 | Test Loss: 0.5758 | Train Acc: 0.7274 | Test Acc: 0.6942
Epoch 6199 | Train Loss: 0.5342 | Test Loss: 0.5757 | Train Acc: 0.7270 | Test Acc: 0.6944
Epoch 6299 | Train Loss: 0.5341 | Test Loss: 0.5756 | Train Acc: 0.7274 | Test Acc: 0.6949
Epoch 6399 | Train Loss: 0.5339 | Test Loss: 0.5755 | Train Acc: 0.7278 | Test Acc: 0.6954
Epoch 6499 | Train Loss: 0.5338 | Test Loss: 0.5754 | Train Acc: 0.7280 | Test Acc: 0.6954
Epoch 6599 | Train Loss: 0.5336 | Test Loss: 0.5754 | Train Acc: 0.7282 | Test Acc: 0.6961
Epoch 6699 | Train Loss: 0.5334 | Test Loss: 0.5753 | Train Acc: 0.7286 | Test Acc: 0.6962
Epoch 6799 | Train Loss: 0.5332 | Test Loss: 0.5752 | Train Acc: 0.7285 | Test Acc: 0.6963
Epoch 6899 | Train Loss: 0.5331 | Test Loss: 0.5751 | Train Acc: 0.7285 | Test Acc: 0.6962
Epoch 6999 | Train Loss: 0.5329 | Test Loss: 0.5750 | Train Acc: 0.7287 | Test Acc: 0.6961
Epoch 7099 | Train Loss: 0.5327 | Test Loss: 0.5750 | Train Acc: 0.7291 | Test Acc: 0.6964
Epoch 7199 | Train Loss: 0.5326 | Test Loss: 0.5749 | Train Acc: 0.7289 | Test Acc: 0.6962
Epoch 7299 | Train Loss: 0.5324 | Test Loss: 0.5749 | Train Acc: 0.7291 | Test Acc: 0.6957
Epoch 7399 | Train Loss: 0.5323 | Test Loss: 0.5749 | Train Acc: 0.7291 | Test Acc: 0.6958
Epoch 7499 | Train Loss: 0.5321 | Test Loss: 0.5748 | Train Acc: 0.7296 | Test Acc: 0.6964
Epoch 7599 | Train Loss: 0.5320 | Test Loss: 0.5747 | Train Acc: 0.7297 | Test Acc: 0.6968
Epoch 7699 | Train Loss: 0.5318 | Test Loss: 0.5746 | Train Acc: 0.7299 | Test Acc: 0.6972
Epoch 7799 | Train Loss: 0.5317 | Test Loss: 0.5746 | Train Acc: 0.7301 | Test Acc: 0.6972
Epoch 7899 | Train Loss: 0.5315 | Test Loss: 0.5745 | Train Acc: 0.7305 | Test Acc: 0.6973
Epoch 7999 | Train Loss: 0.5314 | Test Loss: 0.5744 | Train Acc: 0.7307 | Test Acc: 0.6973
Epoch 8099 | Train Loss: 0.5312 | Test Loss: 0.5743 | Train Acc: 0.7309 | Test Acc: 0.6971
Epoch 8199 | Train Loss: 0.5311 | Test Loss: 0.5743 | Train Acc: 0.7312 | Test Acc: 0.6966
Epoch 8299 | Train Loss: 0.5309 | Test Loss: 0.5742 | Train Acc: 0.7312 | Test Acc: 0.6970
Epoch 8399 | Train Loss: 0.5307 | Test Loss: 0.5741 | Train Acc: 0.7311 | Test Acc: 0.6972
Epoch 8499 | Train Loss: 0.5306 | Test Loss: 0.5740 | Train Acc: 0.7312 | Test Acc: 0.6974
Epoch 8599 | Train Loss: 0.5304 | Test Loss: 0.5739 | Train Acc: 0.7311 | Test Acc: 0.6980
Epoch 8699 | Train Loss: 0.5302 | Test Loss: 0.5738 | Train Acc: 0.7312 | Test Acc: 0.6982
Epoch 8799 | Train Loss: 0.5300 | Test Loss: 0.5737 | Train Acc: 0.7312 | Test Acc: 0.6983
Epoch 8899 | Train Loss: 0.5299 | Test Loss: 0.5736 | Train Acc: 0.7317 | Test Acc: 0.6982
Epoch 8999 | Train Loss: 0.5297 | Test Loss: 0.5735 | Train Acc: 0.7318 | Test Acc: 0.6981
Epoch 9099 | Train Loss: 0.5295 | Test Loss: 0.5734 | Train Acc: 0.7320 | Test Acc: 0.6984
Epoch 9199 | Train Loss: 0.5294 | Test Loss: 0.5733 | Train Acc: 0.7326 | Test Acc: 0.6987
Epoch 9299 | Train Loss: 0.5292 | Test Loss: 0.5732 | Train Acc: 0.7330 | Test Acc: 0.6988
Epoch 9399 | Train Loss: 0.5290 | Test Loss: 0.5732 | Train Acc: 0.7330 | Test Acc: 0.6988
Epoch 9499 | Train Loss: 0.5288 | Test Loss: 0.5731 | Train Acc: 0.7332 | Test Acc: 0.6988
Epoch 9599 | Train Loss: 0.5287 | Test Loss: 0.5730 | Train Acc: 0.7334 | Test Acc: 0.6990
Epoch 9699 | Train Loss: 0.5285 | Test Loss: 0.5729 | Train Acc: 0.7333 | Test Acc: 0.6992
Epoch 9799 | Train Loss: 0.5284 | Test Loss: 0.5729 | Train Acc: 0.7337 | Test Acc: 0.6992
Epoch 9899 | Train Loss: 0.5282 | Test Loss: 0.5727 | Train Acc: 0.7340 | Test Acc: 0.6993
Epoch 9999 | Train Loss: 0.5281 | Test Loss: 0.5727 | Train Acc: 0.7341 | Test Acc: 0.6991
Epoch 10099 | Train Loss: 0.5280 | Test Loss: 0.5726 | Train Acc: 0.7341 | Test Acc: 0.6990
Epoch 10199 | Train Loss: 0.5278 | Test Loss: 0.5726 | Train Acc: 0.7340 | Test Acc: 0.6991
Epoch 10299 | Train Loss: 0.5277 | Test Loss: 0.5725 | Train Acc: 0.7341 | Test Acc: 0.6993
Epoch 10399 | Train Loss: 0.5275 | Test Loss: 0.5725 | Train Acc: 0.7344 | Test Acc: 0.6995
Epoch 10499 | Train Loss: 0.5274 | Test Loss: 0.5724 | Train Acc: 0.7346 | Test Acc: 0.6993
Epoch 10599 | Train Loss: 0.5272 | Test Loss: 0.5723 | Train Acc: 0.7348 | Test Acc: 0.6993
Epoch 10699 | Train Loss: 0.5270 | Test Loss: 0.5722 | Train Acc: 0.7350 | Test Acc: 0.6990
Epoch 10799 | Train Loss: 0.5269 | Test Loss: 0.5722 | Train Acc: 0.7349 | Test Acc: 0.6991
Epoch 10899 | Train Loss: 0.5267 | Test Loss: 0.5721 | Train Acc: 0.7349 | Test Acc: 0.6992
Epoch 10999 | Train Loss: 0.5266 | Test Loss: 0.5720 | Train Acc: 0.7347 | Test Acc: 0.6995
Epoch 11099 | Train Loss: 0.5265 | Test Loss: 0.5720 | Train Acc: 0.7348 | Test Acc: 0.7007
Epoch 11199 | Train Loss: 0.5263 | Test Loss: 0.5719 | Train Acc: 0.7346 | Test Acc: 0.7007
Epoch 11299 | Train Loss: 0.5262 | Test Loss: 0.5718 | Train Acc: 0.7346 | Test Acc: 0.7003
Epoch 11399 | Train Loss: 0.5260 | Test Loss: 0.5718 | Train Acc: 0.7349 | Test Acc: 0.7002
Epoch 11499 | Train Loss: 0.5259 | Test Loss: 0.5717 | Train Acc: 0.7352 | Test Acc: 0.7001
Epoch 11599 | Train Loss: 0.5258 | Test Loss: 0.5717 | Train Acc: 0.7353 | Test Acc: 0.7000
Epoch 11699 | Train Loss: 0.5256 | Test Loss: 0.5716 | Train Acc: 0.7351 | Test Acc: 0.7003
Epoch 11799 | Train Loss: 0.5254 | Test Loss: 0.5714 | Train Acc: 0.7350 | Test Acc: 0.7003
Epoch 11899 | Train Loss: 0.5253 | Test Loss: 0.5713 | Train Acc: 0.7352 | Test Acc: 0.7004
Epoch 11999 | Train Loss: 0.5251 | Test Loss: 0.5713 | Train Acc: 0.7352 | Test Acc: 0.7011
Epoch 12099 | Train Loss: 0.5250 | Test Loss: 0.5712 | Train Acc: 0.7355 | Test Acc: 0.7009
Epoch 12199 | Train Loss: 0.5249 | Test Loss: 0.5711 | Train Acc: 0.7357 | Test Acc: 0.7003
Epoch 12299 | Train Loss: 0.5247 | Test Loss: 0.5710 | Train Acc: 0.7359 | Test Acc: 0.7003
Epoch 12399 | Train Loss: 0.5246 | Test Loss: 0.5709 | Train Acc: 0.7356 | Test Acc: 0.7009
Epoch 12499 | Train Loss: 0.5244 | Test Loss: 0.5708 | Train Acc: 0.7361 | Test Acc: 0.7012
Epoch 12599 | Train Loss: 0.5242 | Test Loss: 0.5706 | Train Acc: 0.7364 | Test Acc: 0.7010
Epoch 12699 | Train Loss: 0.5240 | Test Loss: 0.5704 | Train Acc: 0.7365 | Test Acc: 0.7009
Epoch 12799 | Train Loss: 0.5239 | Test Loss: 0.5703 | Train Acc: 0.7365 | Test Acc: 0.7011
Epoch 12899 | Train Loss: 0.5237 | Test Loss: 0.5701 | Train Acc: 0.7367 | Test Acc: 0.7020
Epoch 12999 | Train Loss: 0.5235 | Test Loss: 0.5700 | Train Acc: 0.7364 | Test Acc: 0.7018
Epoch 13099 | Train Loss: 0.5233 | Test Loss: 0.5699 | Train Acc: 0.7367 | Test Acc: 0.7020
Epoch 13199 | Train Loss: 0.5232 | Test Loss: 0.5698 | Train Acc: 0.7368 | Test Acc: 0.7016
Epoch 13299 | Train Loss: 0.5230 | Test Loss: 0.5698 | Train Acc: 0.7371 | Test Acc: 0.7021
Epoch 13399 | Train Loss: 0.5229 | Test Loss: 0.5697 | Train Acc: 0.7372 | Test Acc: 0.7022
Epoch 13499 | Train Loss: 0.5227 | Test Loss: 0.5697 | Train Acc: 0.7377 | Test Acc: 0.7024
Epoch 13599 | Train Loss: 0.5226 | Test Loss: 0.5696 | Train Acc: 0.7378 | Test Acc: 0.7026
Epoch 13699 | Train Loss: 0.5224 | Test Loss: 0.5695 | Train Acc: 0.7377 | Test Acc: 0.7026
Epoch 13799 | Train Loss: 0.5222 | Test Loss: 0.5694 | Train Acc: 0.7378 | Test Acc: 0.7028
Epoch 13899 | Train Loss: 0.5221 | Test Loss: 0.5693 | Train Acc: 0.7382 | Test Acc: 0.7033
Epoch 13999 | Train Loss: 0.5220 | Test Loss: 0.5693 | Train Acc: 0.7379 | Test Acc: 0.7029
Epoch 14099 | Train Loss: 0.5219 | Test Loss: 0.5692 | Train Acc: 0.7380 | Test Acc: 0.7026
Epoch 14199 | Train Loss: 0.5217 | Test Loss: 0.5691 | Train Acc: 0.7382 | Test Acc: 0.7029
Epoch 14299 | Train Loss: 0.5216 | Test Loss: 0.5691 | Train Acc: 0.7383 | Test Acc: 0.7031
Epoch 14399 | Train Loss: 0.5215 | Test Loss: 0.5690 | Train Acc: 0.7385 | Test Acc: 0.7033
Epoch 14499 | Train Loss: 0.5214 | Test Loss: 0.5689 | Train Acc: 0.7387 | Test Acc: 0.7033
Epoch 14599 | Train Loss: 0.5212 | Test Loss: 0.5689 | Train Acc: 0.7387 | Test Acc: 0.7034
Epoch 14699 | Train Loss: 0.5211 | Test Loss: 0.5688 | Train Acc: 0.7391 | Test Acc: 0.7030
Epoch 14799 | Train Loss: 0.5209 | Test Loss: 0.5687 | Train Acc: 0.7391 | Test Acc: 0.7031
Epoch 14899 | Train Loss: 0.5208 | Test Loss: 0.5687 | Train Acc: 0.7394 | Test Acc: 0.7028
Epoch 14999 | Train Loss: 0.5207 | Test Loss: 0.5686 | Train Acc: 0.7397 | Test Acc: 0.7028
Epoch 15099 | Train Loss: 0.5205 | Test Loss: 0.5686 | Train Acc: 0.7396 | Test Acc: 0.7026
Epoch 15199 | Train Loss: 0.5204 | Test Loss: 0.5685 | Train Acc: 0.7398 | Test Acc: 0.7027
Epoch 15299 | Train Loss: 0.5203 | Test Loss: 0.5684 | Train Acc: 0.7399 | Test Acc: 0.7028
Epoch 15399 | Train Loss: 0.5202 | Test Loss: 0.5684 | Train Acc: 0.7402 | Test Acc: 0.7030
Epoch 15499 | Train Loss: 0.5200 | Test Loss: 0.5683 | Train Acc: 0.7404 | Test Acc: 0.7031
Epoch 15599 | Train Loss: 0.5199 | Test Loss: 0.5682 | Train Acc: 0.7404 | Test Acc: 0.7032
Epoch 15699 | Train Loss: 0.5198 | Test Loss: 0.5681 | Train Acc: 0.7405 | Test Acc: 0.7034
Epoch 15799 | Train Loss: 0.5197 | Test Loss: 0.5680 | Train Acc: 0.7407 | Test Acc: 0.7035
Epoch 15899 | Train Loss: 0.5196 | Test Loss: 0.5680 | Train Acc: 0.7408 | Test Acc: 0.7041
Epoch 15999 | Train Loss: 0.5195 | Test Loss: 0.5679 | Train Acc: 0.7409 | Test Acc: 0.7040
Epoch 16099 | Train Loss: 0.5194 | Test Loss: 0.5679 | Train Acc: 0.7410 | Test Acc: 0.7038
Epoch 16199 | Train Loss: 0.5193 | Test Loss: 0.5678 | Train Acc: 0.7413 | Test Acc: 0.7037
Epoch 16299 | Train Loss: 0.5191 | Test Loss: 0.5677 | Train Acc: 0.7413 | Test Acc: 0.7037
Epoch 16399 | Train Loss: 0.5190 | Test Loss: 0.5677 | Train Acc: 0.7415 | Test Acc: 0.7036
Epoch 16499 | Train Loss: 0.5189 | Test Loss: 0.5676 | Train Acc: 0.7416 | Test Acc: 0.7036
Epoch 16599 | Train Loss: 0.5188 | Test Loss: 0.5676 | Train Acc: 0.7413 | Test Acc: 0.7034
Epoch 16699 | Train Loss: 0.5187 | Test Loss: 0.5675 | Train Acc: 0.7417 | Test Acc: 0.7034
Epoch 16799 | Train Loss: 0.5186 | Test Loss: 0.5675 | Train Acc: 0.7416 | Test Acc: 0.7039
Epoch 16899 | Train Loss: 0.5185 | Test Loss: 0.5674 | Train Acc: 0.7415 | Test Acc: 0.7040
Epoch 16999 | Train Loss: 0.5184 | Test Loss: 0.5674 | Train Acc: 0.7417 | Test Acc: 0.7043
Epoch 17099 | Train Loss: 0.5183 | Test Loss: 0.5673 | Train Acc: 0.7418 | Test Acc: 0.7036
Epoch 17199 | Train Loss: 0.5182 | Test Loss: 0.5673 | Train Acc: 0.7420 | Test Acc: 0.7034
Epoch 17299 | Train Loss: 0.5181 | Test Loss: 0.5672 | Train Acc: 0.7419 | Test Acc: 0.7036
Epoch 17399 | Train Loss: 0.5180 | Test Loss: 0.5671 | Train Acc: 0.7418 | Test Acc: 0.7042
Epoch 17499 | Train Loss: 0.5179 | Test Loss: 0.5671 | Train Acc: 0.7417 | Test Acc: 0.7043
Epoch 17599 | Train Loss: 0.5178 | Test Loss: 0.5671 | Train Acc: 0.7419 | Test Acc: 0.7042
Epoch 17699 | Train Loss: 0.5177 | Test Loss: 0.5670 | Train Acc: 0.7420 | Test Acc: 0.7042
Epoch 17799 | Train Loss: 0.5176 | Test Loss: 0.5670 | Train Acc: 0.7423 | Test Acc: 0.7037
Epoch 17899 | Train Loss: 0.5175 | Test Loss: 0.5669 | Train Acc: 0.7422 | Test Acc: 0.7037
Epoch 17999 | Train Loss: 0.5174 | Test Loss: 0.5669 | Train Acc: 0.7421 | Test Acc: 0.7039
Epoch 18099 | Train Loss: 0.5173 | Test Loss: 0.5669 | Train Acc: 0.7422 | Test Acc: 0.7039
Epoch 18199 | Train Loss: 0.5172 | Test Loss: 0.5668 | Train Acc: 0.7423 | Test Acc: 0.7039
Epoch 18299 | Train Loss: 0.5171 | Test Loss: 0.5668 | Train Acc: 0.7423 | Test Acc: 0.7038
Epoch 18399 | Train Loss: 0.5170 | Test Loss: 0.5668 | Train Acc: 0.7420 | Test Acc: 0.7038
Epoch 18499 | Train Loss: 0.5170 | Test Loss: 0.5667 | Train Acc: 0.7425 | Test Acc: 0.7040
Epoch 18599 | Train Loss: 0.5169 | Test Loss: 0.5667 | Train Acc: 0.7427 | Test Acc: 0.7039
Epoch 18699 | Train Loss: 0.5168 | Test Loss: 0.5667 | Train Acc: 0.7425 | Test Acc: 0.7040
Epoch 18799 | Train Loss: 0.5167 | Test Loss: 0.5667 | Train Acc: 0.7424 | Test Acc: 0.7040
Epoch 18899 | Train Loss: 0.5167 | Test Loss: 0.5667 | Train Acc: 0.7425 | Test Acc: 0.7041
Epoch 18999 | Train Loss: 0.5166 | Test Loss: 0.5666 | Train Acc: 0.7424 | Test Acc: 0.7044
Epoch 19099 | Train Loss: 0.5165 | Test Loss: 0.5666 | Train Acc: 0.7423 | Test Acc: 0.7042
Epoch 19199 | Train Loss: 0.5164 | Test Loss: 0.5666 | Train Acc: 0.7424 | Test Acc: 0.7043
Epoch 19299 | Train Loss: 0.5164 | Test Loss: 0.5665 | Train Acc: 0.7424 | Test Acc: 0.7044
Epoch 19399 | Train Loss: 0.5163 | Test Loss: 0.5665 | Train Acc: 0.7424 | Test Acc: 0.7045
Epoch 19499 | Train Loss: 0.5162 | Test Loss: 0.5665 | Train Acc: 0.7424 | Test Acc: 0.7045
Epoch 19599 | Train Loss: 0.5161 | Test Loss: 0.5664 | Train Acc: 0.7423 | Test Acc: 0.7044
Epoch 19699 | Train Loss: 0.5161 | Test Loss: 0.5664 | Train Acc: 0.7424 | Test Acc: 0.7050
Epoch 19799 | Train Loss: 0.5160 | Test Loss: 0.5663 | Train Acc: 0.7424 | Test Acc: 0.7051
Epoch 19899 | Train Loss: 0.5160 | Test Loss: 0.5663 | Train Acc: 0.7427 | Test Acc: 0.7051
Epoch 19999 | Train Loss: 0.5159 | Test Loss: 0.5662 | Train Acc: 0.7426 | Test Acc: 0.7050
Epoch 20099 | Train Loss: 0.5158 | Test Loss: 0.5662 | Train Acc: 0.7426 | Test Acc: 0.7049
Epoch 20199 | Train Loss: 0.5157 | Test Loss: 0.5662 | Train Acc: 0.7430 | Test Acc: 0.7050
Epoch 20299 | Train Loss: 0.5157 | Test Loss: 0.5661 | Train Acc: 0.7429 | Test Acc: 0.7048
Epoch 20399 | Train Loss: 0.5156 | Test Loss: 0.5661 | Train Acc: 0.7430 | Test Acc: 0.7047
Epoch 20499 | Train Loss: 0.5155 | Test Loss: 0.5661 | Train Acc: 0.7433 | Test Acc: 0.7047
Epoch 20599 | Train Loss: 0.5155 | Test Loss: 0.5661 | Train Acc: 0.7433 | Test Acc: 0.7049
Epoch 20699 | Train Loss: 0.5154 | Test Loss: 0.5660 | Train Acc: 0.7434 | Test Acc: 0.7053
Epoch 20799 | Train Loss: 0.5153 | Test Loss: 0.5660 | Train Acc: 0.7431 | Test Acc: 0.7055
Epoch 20899 | Train Loss: 0.5152 | Test Loss: 0.5660 | Train Acc: 0.7432 | Test Acc: 0.7056
Epoch 20999 | Train Loss: 0.5152 | Test Loss: 0.5660 | Train Acc: 0.7431 | Test Acc: 0.7055
Epoch 21099 | Train Loss: 0.5151 | Test Loss: 0.5660 | Train Acc: 0.7432 | Test Acc: 0.7055
Epoch 21199 | Train Loss: 0.5150 | Test Loss: 0.5660 | Train Acc: 0.7431 | Test Acc: 0.7055
Epoch 21299 | Train Loss: 0.5150 | Test Loss: 0.5660 | Train Acc: 0.7430 | Test Acc: 0.7054
Epoch 21399 | Train Loss: 0.5149 | Test Loss: 0.5659 | Train Acc: 0.7431 | Test Acc: 0.7051
Epoch 21499 | Train Loss: 0.5148 | Test Loss: 0.5659 | Train Acc: 0.7435 | Test Acc: 0.7050
Epoch 21599 | Train Loss: 0.5147 | Test Loss: 0.5659 | Train Acc: 0.7436 | Test Acc: 0.7050
Epoch 21699 | Train Loss: 0.5147 | Test Loss: 0.5658 | Train Acc: 0.7436 | Test Acc: 0.7050
Epoch 21799 | Train Loss: 0.5146 | Test Loss: 0.5657 | Train Acc: 0.7434 | Test Acc: 0.7053
Epoch 21899 | Train Loss: 0.5145 | Test Loss: 0.5657 | Train Acc: 0.7437 | Test Acc: 0.7053
Epoch 21999 | Train Loss: 0.5144 | Test Loss: 0.5657 | Train Acc: 0.7438 | Test Acc: 0.7054
Epoch 22099 | Train Loss: 0.5144 | Test Loss: 0.5656 | Train Acc: 0.7438 | Test Acc: 0.7052
Epoch 22199 | Train Loss: 0.5143 | Test Loss: 0.5656 | Train Acc: 0.7439 | Test Acc: 0.7052
Epoch 22299 | Train Loss: 0.5142 | Test Loss: 0.5656 | Train Acc: 0.7438 | Test Acc: 0.7050
Epoch 22399 | Train Loss: 0.5142 | Test Loss: 0.5655 | Train Acc: 0.7440 | Test Acc: 0.7053
Epoch 22499 | Train Loss: 0.5141 | Test Loss: 0.5655 | Train Acc: 0.7441 | Test Acc: 0.7053
Epoch 22599 | Train Loss: 0.5140 | Test Loss: 0.5655 | Train Acc: 0.7442 | Test Acc: 0.7054
Epoch 22699 | Train Loss: 0.5140 | Test Loss: 0.5654 | Train Acc: 0.7440 | Test Acc: 0.7060
Epoch 22799 | Train Loss: 0.5139 | Test Loss: 0.5654 | Train Acc: 0.7441 | Test Acc: 0.7061
Epoch 22899 | Train Loss: 0.5138 | Test Loss: 0.5653 | Train Acc: 0.7445 | Test Acc: 0.7062
Epoch 22999 | Train Loss: 0.5137 | Test Loss: 0.5653 | Train Acc: 0.7444 | Test Acc: 0.7062
Epoch 23099 | Train Loss: 0.5137 | Test Loss: 0.5652 | Train Acc: 0.7444 | Test Acc: 0.7066
Epoch 23199 | Train Loss: 0.5135 | Test Loss: 0.5651 | Train Acc: 0.7444 | Test Acc: 0.7064
Epoch 23299 | Train Loss: 0.5135 | Test Loss: 0.5651 | Train Acc: 0.7445 | Test Acc: 0.7058
Epoch 23399 | Train Loss: 0.5134 | Test Loss: 0.5651 | Train Acc: 0.7448 | Test Acc: 0.7057
Epoch 23499 | Train Loss: 0.5133 | Test Loss: 0.5650 | Train Acc: 0.7448 | Test Acc: 0.7057
Epoch 23599 | Train Loss: 0.5132 | Test Loss: 0.5650 | Train Acc: 0.7450 | Test Acc: 0.7057
Epoch 23699 | Train Loss: 0.5131 | Test Loss: 0.5649 | Train Acc: 0.7449 | Test Acc: 0.7057
Epoch 23799 | Train Loss: 0.5130 | Test Loss: 0.5649 | Train Acc: 0.7447 | Test Acc: 0.7059
Epoch 23899 | Train Loss: 0.5129 | Test Loss: 0.5648 | Train Acc: 0.7450 | Test Acc: 0.7065
Epoch 23999 | Train Loss: 0.5128 | Test Loss: 0.5647 | Train Acc: 0.7449 | Test Acc: 0.7065
Epoch 24099 | Train Loss: 0.5127 | Test Loss: 0.5646 | Train Acc: 0.7447 | Test Acc: 0.7068
Epoch 24199 | Train Loss: 0.5126 | Test Loss: 0.5646 | Train Acc: 0.7450 | Test Acc: 0.7067
Epoch 24299 | Train Loss: 0.5125 | Test Loss: 0.5645 | Train Acc: 0.7452 | Test Acc: 0.7064
Epoch 24399 | Train Loss: 0.5124 | Test Loss: 0.5644 | Train Acc: 0.7452 | Test Acc: 0.7062
Epoch 24499 | Train Loss: 0.5124 | Test Loss: 0.5644 | Train Acc: 0.7451 | Test Acc: 0.7062
Epoch 24599 | Train Loss: 0.5123 | Test Loss: 0.5644 | Train Acc: 0.7452 | Test Acc: 0.7061
Epoch 24699 | Train Loss: 0.5122 | Test Loss: 0.5643 | Train Acc: 0.7452 | Test Acc: 0.7063
Epoch 24799 | Train Loss: 0.5121 | Test Loss: 0.5643 | Train Acc: 0.7453 | Test Acc: 0.7061
Epoch 24899 | Train Loss: 0.5121 | Test Loss: 0.5642 | Train Acc: 0.7455 | Test Acc: 0.7063
Epoch 24999 | Train Loss: 0.5120 | Test Loss: 0.5642 | Train Acc: 0.7458 | Test Acc: 0.7065
