Sun Jul 26 11:02:58 2026       
+-----------------------------------------------------------------------------------------+
| NVIDIA-SMI 575.57.08              Driver Version: 575.57.08      CUDA Version: 12.9     |
|-----------------------------------------+------------------------+----------------------+
| GPU  Name                 Persistence-M | Bus-Id          Disp.A | Volatile Uncorr. ECC |
| Fan  Temp   Perf          Pwr:Usage/Cap |           Memory-Usage | GPU-Util  Compute M. |
|                                         |                        |               MIG M. |
|=========================================+========================+======================|
|   0  NVIDIA A100-PCIE-40GB          Off |   00000000:17:00.0 Off |                    0 |
| N/A   26C    P0             38W /  250W |     423MiB /  40960MiB |      2%      Default |
|                                         |                        |             Disabled |
+-----------------------------------------+------------------------+----------------------+
                                                                                         
+-----------------------------------------------------------------------------------------+
| Processes:                                                                              |
|  GPU   GI   CI              PID   Type   Process name                        GPU Memory |
|        ID   ID                                                               Usage      |
|=========================================================================================|
|    0   N/A  N/A           10214      C   python                                  414MiB |
+-----------------------------------------------------------------------------------------+
CUDA available: True
Device count: 1
Device 0: NVIDIA A100-PCIE-40GB
Device Name: cuda
Loaded dataset: tokens (599, 36) | targets (599, 36, 3)
Loaded dataset: tokens (1399, 36) | targets (1399, 36, 3)
Epoch 0 | Train Loss: 0.6946 | Test Loss: 0.6940 | Train Acc: 0.1289 | Test Acc: 0.1339 | Train Bit Acc: 0.5039 | Test Bit Acc: 0.5033
Epoch 100 | Train Loss: 0.6486 | Test Loss: 0.6605 | Train Acc: 0.2207 | Test Acc: 0.1946 | Train Bit Acc: 0.6107 | Test Bit Acc: 0.5851
Epoch 200 | Train Loss: 0.5279 | Test Loss: 0.5529 | Train Acc: 0.3524 | Test Acc: 0.3242 | Train Bit Acc: 0.6887 | Test Bit Acc: 0.6618
Epoch 300 | Train Loss: 0.4310 | Test Loss: 0.4652 | Train Acc: 0.4962 | Test Acc: 0.4389 | Train Bit Acc: 0.7420 | Test Bit Acc: 0.6950
Epoch 400 | Train Loss: 0.4111 | Test Loss: 0.4495 | Train Acc: 0.5323 | Test Acc: 0.4673 | Train Bit Acc: 0.7489 | Test Bit Acc: 0.6947
Epoch 500 | Train Loss: 0.4066 | Test Loss: 0.4465 | Train Acc: 0.5371 | Test Acc: 0.4746 | Train Bit Acc: 0.7525 | Test Bit Acc: 0.6937
Epoch 600 | Train Loss: 0.4046 | Test Loss: 0.4471 | Train Acc: 0.5692 | Test Acc: 0.4759 | Train Bit Acc: 0.7553 | Test Bit Acc: 0.6925
Epoch 700 | Train Loss: 0.4033 | Test Loss: 0.4485 | Train Acc: 0.5824 | Test Acc: 0.4904 | Train Bit Acc: 0.7570 | Test Bit Acc: 0.6917
Epoch 800 | Train Loss: 0.4026 | Test Loss: 0.4511 | Train Acc: 0.5763 | Test Acc: 0.4919 | Train Bit Acc: 0.7577 | Test Bit Acc: 0.6913
Epoch 900 | Train Loss: 0.4017 | Test Loss: 0.4508 | Train Acc: 0.5833 | Test Acc: 0.4944 | Train Bit Acc: 0.7583 | Test Bit Acc: 0.6910
Epoch 1000 | Train Loss: 0.4011 | Test Loss: 0.4533 | Train Acc: 0.5841 | Test Acc: 0.4960 | Train Bit Acc: 0.7592 | Test Bit Acc: 0.6906
Epoch 1100 | Train Loss: 0.4006 | Test Loss: 0.4542 | Train Acc: 0.5902 | Test Acc: 0.4960 | Train Bit Acc: 0.7597 | Test Bit Acc: 0.6902
Epoch 1200 | Train Loss: 0.4003 | Test Loss: 0.4543 | Train Acc: 0.5792 | Test Acc: 0.4931 | Train Bit Acc: 0.7602 | Test Bit Acc: 0.6904
Epoch 1300 | Train Loss: 0.3998 | Test Loss: 0.4555 | Train Acc: 0.5893 | Test Acc: 0.4911 | Train Bit Acc: 0.7607 | Test Bit Acc: 0.6901
Epoch 1400 | Train Loss: 0.3995 | Test Loss: 0.4568 | Train Acc: 0.5926 | Test Acc: 0.4935 | Train Bit Acc: 0.7614 | Test Bit Acc: 0.6896
Epoch 1500 | Train Loss: 0.3991 | Test Loss: 0.4583 | Train Acc: 0.5945 | Test Acc: 0.5018 | Train Bit Acc: 0.7618 | Test Bit Acc: 0.6891
Epoch 1600 | Train Loss: 0.3991 | Test Loss: 0.4588 | Train Acc: 0.5909 | Test Acc: 0.5035 | Train Bit Acc: 0.7616 | Test Bit Acc: 0.6892
Epoch 1700 | Train Loss: 0.3986 | Test Loss: 0.4602 | Train Acc: 0.5964 | Test Acc: 0.5040 | Train Bit Acc: 0.7622 | Test Bit Acc: 0.6888
Epoch 1800 | Train Loss: 0.3984 | Test Loss: 0.4617 | Train Acc: 0.5950 | Test Acc: 0.4970 | Train Bit Acc: 0.7624 | Test Bit Acc: 0.6886
Epoch 1900 | Train Loss: 0.3981 | Test Loss: 0.4618 | Train Acc: 0.6051 | Test Acc: 0.4985 | Train Bit Acc: 0.7625 | Test Bit Acc: 0.6886
Epoch 2000 | Train Loss: 0.3979 | Test Loss: 0.4622 | Train Acc: 0.5985 | Test Acc: 0.4975 | Train Bit Acc: 0.7626 | Test Bit Acc: 0.6887
Epoch 2100 | Train Loss: 0.3978 | Test Loss: 0.4638 | Train Acc: 0.5965 | Test Acc: 0.4970 | Train Bit Acc: 0.7629 | Test Bit Acc: 0.6882
Epoch 2200 | Train Loss: 0.3976 | Test Loss: 0.4634 | Train Acc: 0.6058 | Test Acc: 0.5013 | Train Bit Acc: 0.7629 | Test Bit Acc: 0.6882
Epoch 2300 | Train Loss: 0.3975 | Test Loss: 0.4643 | Train Acc: 0.5982 | Test Acc: 0.5032 | Train Bit Acc: 0.7628 | Test Bit Acc: 0.6883
Epoch 2400 | Train Loss: 0.3975 | Test Loss: 0.4661 | Train Acc: 0.5922 | Test Acc: 0.4982 | Train Bit Acc: 0.7628 | Test Bit Acc: 0.6879
Epoch 2500 | Train Loss: 0.3972 | Test Loss: 0.4664 | Train Acc: 0.6005 | Test Acc: 0.4974 | Train Bit Acc: 0.7630 | Test Bit Acc: 0.6877
Epoch 2600 | Train Loss: 0.3970 | Test Loss: 0.4662 | Train Acc: 0.6110 | Test Acc: 0.4978 | Train Bit Acc: 0.7631 | Test Bit Acc: 0.6881
Epoch 2700 | Train Loss: 0.3969 | Test Loss: 0.4670 | Train Acc: 0.6075 | Test Acc: 0.5090 | Train Bit Acc: 0.7631 | Test Bit Acc: 0.6877
Epoch 2800 | Train Loss: 0.3968 | Test Loss: 0.4680 | Train Acc: 0.6021 | Test Acc: 0.5095 | Train Bit Acc: 0.7631 | Test Bit Acc: 0.6877
Epoch 2900 | Train Loss: 0.3967 | Test Loss: 0.4683 | Train Acc: 0.6104 | Test Acc: 0.5095 | Train Bit Acc: 0.7631 | Test Bit Acc: 0.6876
Epoch 3000 | Train Loss: 0.3967 | Test Loss: 0.4683 | Train Acc: 0.6007 | Test Acc: 0.5037 | Train Bit Acc: 0.7632 | Test Bit Acc: 0.6880
Epoch 3100 | Train Loss: 0.3966 | Test Loss: 0.4687 | Train Acc: 0.6008 | Test Acc: 0.4959 | Train Bit Acc: 0.7632 | Test Bit Acc: 0.6884
Epoch 3200 | Train Loss: 0.3965 | Test Loss: 0.4698 | Train Acc: 0.6049 | Test Acc: 0.5088 | Train Bit Acc: 0.7632 | Test Bit Acc: 0.6878
Epoch 3300 | Train Loss: 0.3964 | Test Loss: 0.4697 | Train Acc: 0.5999 | Test Acc: 0.4966 | Train Bit Acc: 0.7632 | Test Bit Acc: 0.6883
Epoch 3400 | Train Loss: 0.3964 | Test Loss: 0.4712 | Train Acc: 0.5987 | Test Acc: 0.4969 | Train Bit Acc: 0.7632 | Test Bit Acc: 0.6876
Epoch 3500 | Train Loss: 0.3963 | Test Loss: 0.4717 | Train Acc: 0.5983 | Test Acc: 0.4967 | Train Bit Acc: 0.7632 | Test Bit Acc: 0.6876
Epoch 3600 | Train Loss: 0.3962 | Test Loss: 0.4717 | Train Acc: 0.6104 | Test Acc: 0.5018 | Train Bit Acc: 0.7632 | Test Bit Acc: 0.6877
Epoch 3700 | Train Loss: 0.3961 | Test Loss: 0.4723 | Train Acc: 0.6105 | Test Acc: 0.5092 | Train Bit Acc: 0.7632 | Test Bit Acc: 0.6877
Epoch 3800 | Train Loss: 0.3961 | Test Loss: 0.4731 | Train Acc: 0.6096 | Test Acc: 0.5034 | Train Bit Acc: 0.7632 | Test Bit Acc: 0.6875
Epoch 3900 | Train Loss: 0.3961 | Test Loss: 0.4729 | Train Acc: 0.6101 | Test Acc: 0.5022 | Train Bit Acc: 0.7633 | Test Bit Acc: 0.6880
Epoch 4000 | Train Loss: 0.3960 | Test Loss: 0.4738 | Train Acc: 0.6027 | Test Acc: 0.5034 | Train Bit Acc: 0.7631 | Test Bit Acc: 0.6875
Epoch 4100 | Train Loss: 0.3959 | Test Loss: 0.4739 | Train Acc: 0.6001 | Test Acc: 0.5016 | Train Bit Acc: 0.7633 | Test Bit Acc: 0.6883
Epoch 4200 | Train Loss: 0.3960 | Test Loss: 0.4735 | Train Acc: 0.5931 | Test Acc: 0.4960 | Train Bit Acc: 0.7631 | Test Bit Acc: 0.6887
Epoch 4300 | Train Loss: 0.3961 | Test Loss: 0.4756 | Train Acc: 0.5907 | Test Acc: 0.5008 | Train Bit Acc: 0.7633 | Test Bit Acc: 0.6875
Epoch 4400 | Train Loss: 0.3958 | Test Loss: 0.4751 | Train Acc: 0.6113 | Test Acc: 0.5064 | Train Bit Acc: 0.7634 | Test Bit Acc: 0.6877
Epoch 4500 | Train Loss: 0.3957 | Test Loss: 0.4753 | Train Acc: 0.6043 | Test Acc: 0.5012 | Train Bit Acc: 0.7634 | Test Bit Acc: 0.6882
Epoch 4600 | Train Loss: 0.3957 | Test Loss: 0.4755 | Train Acc: 0.6051 | Test Acc: 0.5007 | Train Bit Acc: 0.7634 | Test Bit Acc: 0.6882
Epoch 4700 | Train Loss: 0.3961 | Test Loss: 0.4755 | Train Acc: 0.5753 | Test Acc: 0.5052 | Train Bit Acc: 0.7628 | Test Bit Acc: 0.6881
Epoch 4800 | Train Loss: 0.3957 | Test Loss: 0.4767 | Train Acc: 0.5984 | Test Acc: 0.4940 | Train Bit Acc: 0.7634 | Test Bit Acc: 0.6874
Epoch 4900 | Train Loss: 0.3957 | Test Loss: 0.4764 | Train Acc: 0.6018 | Test Acc: 0.5051 | Train Bit Acc: 0.7634 | Test Bit Acc: 0.6882
Epoch 5000 | Train Loss: 0.3957 | Test Loss: 0.4767 | Train Acc: 0.5942 | Test Acc: 0.4997 | Train Bit Acc: 0.7634 | Test Bit Acc: 0.6883
Epoch 5100 | Train Loss: 0.3956 | Test Loss: 0.4769 | Train Acc: 0.6031 | Test Acc: 0.5059 | Train Bit Acc: 0.7634 | Test Bit Acc: 0.6883
Epoch 5200 | Train Loss: 0.3958 | Test Loss: 0.4783 | Train Acc: 0.6125 | Test Acc: 0.4883 | Train Bit Acc: 0.7633 | Test Bit Acc: 0.6874
Epoch 5300 | Train Loss: 0.3955 | Test Loss: 0.4777 | Train Acc: 0.6034 | Test Acc: 0.5081 | Train Bit Acc: 0.7635 | Test Bit Acc: 0.6881
Epoch 5400 | Train Loss: 0.3955 | Test Loss: 0.4788 | Train Acc: 0.6098 | Test Acc: 0.5023 | Train Bit Acc: 0.7635 | Test Bit Acc: 0.6877
Epoch 5500 | Train Loss: 0.3955 | Test Loss: 0.4786 | Train Acc: 0.6129 | Test Acc: 0.5067 | Train Bit Acc: 0.7635 | Test Bit Acc: 0.6879
Epoch 5600 | Train Loss: 0.3955 | Test Loss: 0.4786 | Train Acc: 0.5967 | Test Acc: 0.4937 | Train Bit Acc: 0.7634 | Test Bit Acc: 0.6887
Epoch 5700 | Train Loss: 0.3955 | Test Loss: 0.4809 | Train Acc: 0.6006 | Test Acc: 0.4939 | Train Bit Acc: 0.7635 | Test Bit Acc: 0.6875
Epoch 5800 | Train Loss: 0.3954 | Test Loss: 0.4797 | Train Acc: 0.6029 | Test Acc: 0.5024 | Train Bit Acc: 0.7635 | Test Bit Acc: 0.6874
Epoch 5900 | Train Loss: 0.3954 | Test Loss: 0.4801 | Train Acc: 0.6118 | Test Acc: 0.5068 | Train Bit Acc: 0.7635 | Test Bit Acc: 0.6879
Epoch 6000 | Train Loss: 0.3953 | Test Loss: 0.4807 | Train Acc: 0.6116 | Test Acc: 0.5046 | Train Bit Acc: 0.7635 | Test Bit Acc: 0.6874
Epoch 6100 | Train Loss: 0.3953 | Test Loss: 0.4805 | Train Acc: 0.6023 | Test Acc: 0.5066 | Train Bit Acc: 0.7635 | Test Bit Acc: 0.6879
Epoch 6200 | Train Loss: 0.3953 | Test Loss: 0.4802 | Train Acc: 0.5964 | Test Acc: 0.4955 | Train Bit Acc: 0.7634 | Test Bit Acc: 0.6885
Epoch 6300 | Train Loss: 0.3953 | Test Loss: 0.4813 | Train Acc: 0.6110 | Test Acc: 0.5056 | Train Bit Acc: 0.7635 | Test Bit Acc: 0.6879
Epoch 6400 | Train Loss: 0.3954 | Test Loss: 0.4815 | Train Acc: 0.5991 | Test Acc: 0.4978 | Train Bit Acc: 0.7634 | Test Bit Acc: 0.6886
Epoch 6500 | Train Loss: 0.3953 | Test Loss: 0.4821 | Train Acc: 0.5940 | Test Acc: 0.4993 | Train Bit Acc: 0.7633 | Test Bit Acc: 0.6874
Epoch 6600 | Train Loss: 0.3955 | Test Loss: 0.4807 | Train Acc: 0.5771 | Test Acc: 0.4877 | Train Bit Acc: 0.7631 | Test Bit Acc: 0.6887
Epoch 6700 | Train Loss: 0.3953 | Test Loss: 0.4826 | Train Acc: 0.6113 | Test Acc: 0.5073 | Train Bit Acc: 0.7635 | Test Bit Acc: 0.6881
Epoch 6800 | Train Loss: 0.3953 | Test Loss: 0.4823 | Train Acc: 0.5966 | Test Acc: 0.4982 | Train Bit Acc: 0.7634 | Test Bit Acc: 0.6884
Epoch 6900 | Train Loss: 0.3956 | Test Loss: 0.4846 | Train Acc: 0.5714 | Test Acc: 0.4924 | Train Bit Acc: 0.7630 | Test Bit Acc: 0.6874
Epoch 7000 | Train Loss: 0.3952 | Test Loss: 0.4827 | Train Acc: 0.6073 | Test Acc: 0.5078 | Train Bit Acc: 0.7635 | Test Bit Acc: 0.6881
Epoch 7100 | Train Loss: 0.3952 | Test Loss: 0.4836 | Train Acc: 0.5976 | Test Acc: 0.4965 | Train Bit Acc: 0.7634 | Test Bit Acc: 0.6874
Epoch 7200 | Train Loss: 0.3954 | Test Loss: 0.4834 | Train Acc: 0.5833 | Test Acc: 0.4920 | Train Bit Acc: 0.7631 | Test Bit Acc: 0.6884
Epoch 7300 | Train Loss: 0.3952 | Test Loss: 0.4842 | Train Acc: 0.6053 | Test Acc: 0.4989 | Train Bit Acc: 0.7634 | Test Bit Acc: 0.6874
Epoch 7400 | Train Loss: 0.3953 | Test Loss: 0.4844 | Train Acc: 0.5924 | Test Acc: 0.5130 | Train Bit Acc: 0.7632 | Test Bit Acc: 0.6883
Epoch 7500 | Train Loss: 0.3952 | Test Loss: 0.4848 | Train Acc: 0.6036 | Test Acc: 0.5029 | Train Bit Acc: 0.7635 | Test Bit Acc: 0.6881
Epoch 7600 | Train Loss: 0.3952 | Test Loss: 0.4847 | Train Acc: 0.6073 | Test Acc: 0.4998 | Train Bit Acc: 0.7635 | Test Bit Acc: 0.6879
Epoch 7700 | Train Loss: 0.3951 | Test Loss: 0.4844 | Train Acc: 0.6101 | Test Acc: 0.5097 | Train Bit Acc: 0.7635 | Test Bit Acc: 0.6881
Epoch 7800 | Train Loss: 0.3951 | Test Loss: 0.4847 | Train Acc: 0.6045 | Test Acc: 0.5042 | Train Bit Acc: 0.7635 | Test Bit Acc: 0.6881
Epoch 7900 | Train Loss: 0.3951 | Test Loss: 0.4850 | Train Acc: 0.6123 | Test Acc: 0.5033 | Train Bit Acc: 0.7635 | Test Bit Acc: 0.6881
Epoch 8000 | Train Loss: 0.3951 | Test Loss: 0.4858 | Train Acc: 0.6091 | Test Acc: 0.5012 | Train Bit Acc: 0.7635 | Test Bit Acc: 0.6881
Epoch 8100 | Train Loss: 0.3951 | Test Loss: 0.4860 | Train Acc: 0.6011 | Test Acc: 0.5063 | Train Bit Acc: 0.7635 | Test Bit Acc: 0.6881
Epoch 8200 | Train Loss: 0.3951 | Test Loss: 0.4857 | Train Acc: 0.6103 | Test Acc: 0.4992 | Train Bit Acc: 0.7635 | Test Bit Acc: 0.6882
Epoch 8300 | Train Loss: 0.3951 | Test Loss: 0.4866 | Train Acc: 0.6042 | Test Acc: 0.5024 | Train Bit Acc: 0.7635 | Test Bit Acc: 0.6881
Epoch 8400 | Train Loss: 0.3951 | Test Loss: 0.4869 | Train Acc: 0.6080 | Test Acc: 0.5096 | Train Bit Acc: 0.7635 | Test Bit Acc: 0.6874
Epoch 8500 | Train Loss: 0.3951 | Test Loss: 0.4875 | Train Acc: 0.5982 | Test Acc: 0.5005 | Train Bit Acc: 0.7634 | Test Bit Acc: 0.6874
Epoch 8600 | Train Loss: 0.3951 | Test Loss: 0.4870 | Train Acc: 0.6007 | Test Acc: 0.5059 | Train Bit Acc: 0.7635 | Test Bit Acc: 0.6881
Epoch 8700 | Train Loss: 0.3950 | Test Loss: 0.4870 | Train Acc: 0.6030 | Test Acc: 0.5056 | Train Bit Acc: 0.7634 | Test Bit Acc: 0.6881
Epoch 8800 | Train Loss: 0.3952 | Test Loss: 0.4883 | Train Acc: 0.6142 | Test Acc: 0.5179 | Train Bit Acc: 0.7632 | Test Bit Acc: 0.6874
Epoch 8900 | Train Loss: 0.3951 | Test Loss: 0.4882 | Train Acc: 0.5992 | Test Acc: 0.5083 | Train Bit Acc: 0.7634 | Test Bit Acc: 0.6874
Epoch 9000 | Train Loss: 0.3950 | Test Loss: 0.4874 | Train Acc: 0.6005 | Test Acc: 0.5062 | Train Bit Acc: 0.7635 | Test Bit Acc: 0.6881
Epoch 9100 | Train Loss: 0.3950 | Test Loss: 0.4877 | Train Acc: 0.6026 | Test Acc: 0.4986 | Train Bit Acc: 0.7635 | Test Bit Acc: 0.6879
Epoch 9200 | Train Loss: 0.3951 | Test Loss: 0.4873 | Train Acc: 0.5939 | Test Acc: 0.5014 | Train Bit Acc: 0.7634 | Test Bit Acc: 0.6884
Epoch 9300 | Train Loss: 0.3950 | Test Loss: 0.4886 | Train Acc: 0.6049 | Test Acc: 0.4925 | Train Bit Acc: 0.7635 | Test Bit Acc: 0.6874
Epoch 9400 | Train Loss: 0.3950 | Test Loss: 0.4881 | Train Acc: 0.6008 | Test Acc: 0.4933 | Train Bit Acc: 0.7634 | Test Bit Acc: 0.6884
Epoch 9500 | Train Loss: 0.3950 | Test Loss: 0.4880 | Train Acc: 0.6001 | Test Acc: 0.4973 | Train Bit Acc: 0.7635 | Test Bit Acc: 0.6884
Epoch 9600 | Train Loss: 0.3951 | Test Loss: 0.4891 | Train Acc: 0.5947 | Test Acc: 0.4934 | Train Bit Acc: 0.7634 | Test Bit Acc: 0.6874
Epoch 9700 | Train Loss: 0.3951 | Test Loss: 0.4885 | Train Acc: 0.6217 | Test Acc: 0.4973 | Train Bit Acc: 0.7634 | Test Bit Acc: 0.6878
Epoch 9800 | Train Loss: 0.3951 | Test Loss: 0.4890 | Train Acc: 0.5927 | Test Acc: 0.5059 | Train Bit Acc: 0.7633 | Test Bit Acc: 0.6882
Epoch 9900 | Train Loss: 0.3951 | Test Loss: 0.4897 | Train Acc: 0.5984 | Test Acc: 0.4866 | Train Bit Acc: 0.7633 | Test Bit Acc: 0.6874
